// Jest Snapshot v1, https://goo.gl/fbAQLP

exports[`gets created with designers matches the snapshot 1`] = `
<div
  className="horizontal-list padding-vertical-regular justify-space-between"
>
  <article
    className="designer"
  >
    <div
      className="designer-wrapper"
    >
      <img
        alt="Mario Gil's portrait"
        className="designer-portrait"
        src=""
      />
      <div
        className="designer-body"
      >
        <header
          className="designer-header"
        >
          <h2
            className="designer-name"
          >
            Mario Gil
          </h2>
          <h3
            className="designer-title"
          >
            UX designer
          </h3>
        </header>
        <p
          className="designer-bio"
        >
          Mexican Engineer
        </p>
        <footer
          className="designer-contact"
        >
          <a
            className="designer-link"
          >
            <div
              className="display-flex align-items-center"
            >
              <span
                className="margin-right-tiny"
              >
                👋
              </span>
              Contact
            </div>
          </a>
          <a
            className="designer-link"
            href="www.google.com"
          >
            <div
              className="display-flex align-items-center"
            >
              <span
                className="margin-right-tiny"
              >
                🌐
              </span>
              Portfolio
            </div>
          </a>
        </footer>
      </div>
    </div>
  </article>
  <article
    className="designer"
  >
    <div
      className="designer-wrapper"
    >
      <img
        alt="Chankrisna Visna's portrait"
        className="designer-portrait"
        src=""
      />
      <div
        className="designer-body"
      >
        <header
          className="designer-header"
        >
          <h2
            className="designer-name"
          >
            Chankrisna Visna
          </h2>
          <h3
            className="designer-title"
          >
            Chatbot Script Designer
          </h3>
        </header>
        <p
          className="designer-bio"
        >
          I decide what the internet robots speak like
        </p>
        <footer
          className="designer-contact"
        >
          <a
            className="designer-link"
          >
            <div
              className="display-flex align-items-center"
            >
              <span
                className="margin-right-tiny"
              >
                👋
              </span>
              Contact
            </div>
          </a>
          <a
            className="designer-link"
            href="www.facebook.com"
          >
            <div
              className="display-flex align-items-center"
            >
              <span
                className="margin-right-tiny"
              >
                🌐
              </span>
              Portfolio
            </div>
          </a>
        </footer>
      </div>
    </div>
  </article>
</div>
`;

exports[`gets created without designers matches the snapshot 1`] = `
<div
  className="horizontal-list padding-vertical-regular justify-space-between"
/>
`;
