// Jest Snapshot v1, https://goo.gl/fbAQLP

exports[`gets created matches the snapshot 1`] = `
<header
  className="margin-bottom-regular position-relative"
>
  <a
    aria-current="page"
    href="/"
    onClick={[Function]}
  >
    <img
      alt="Designers of Vietnam"
      className="title-image"
      src="title.svg"
    />
  </a>
  <a
    className="header-link margin-right-large"
    href="/about"
    onClick={[Function]}
  >
    <span>
      🇻🇳
    </span>
  </a>
  <a
    className="header-link"
  >
    <span>
      🛵
    </span>
  </a>
</header>
`;
