// Jest Snapshot v1, https://goo.gl/fbAQLP

exports[`gets created matches the snapshot 1`] = `
<header
  className="position-relative clearfix"
>
  <div
    className="main-navigation main-header-block"
  >
    <a
      className="header-link"
    >
      <span>
        🛵
      </span>
    </a>
    <a
      className="header-link margin-right-regular"
      href="/about"
      onClick={[Function]}
    >
      <span>
        🇻🇳
      </span>
    </a>
  </div>
  <div
    className="logo main-header-block"
  >
    <a
      aria-current="page"
      href="/"
      onClick={[Function]}
    >
      <img
        alt="Designers of Vietnam"
        className="title-image"
        src="title.svg"
      />
    </a>
  </div>
</header>
`;
